#
# A fatal error has been detected by the Java Runtime Environment:
#
#  EXCEPTION_ACCESS_VIOLATION (0xc0000005) at pc=0x00007fffc5d93004, pid=56480, tid=36548
#
# JRE version: OpenJDK Runtime Environment (24.0.1+9) (build 24.0.1+9-30)
# Java VM: OpenJDK 64-Bit Server VM (24.0.1+9-30, mixed mode, sharing, tiered, compressed oops, compressed class ptrs, g1 gc, windows-amd64)
# Problematic frame:
# C  [libasyncProfiler.dll+0x93004]
#
# No core dump will be written. Minidumps are not enabled by default on client versions of Windows
#
# If you would like to submit a bug report, please visit:
#   https://bugreport.java.com/bugreport/crash.jsp
# The crash happened outside the Java Virtual Machine in native code.
# See problematic frame for where to report the bug.
#

---------------  S U M M A R Y ------------

Command Line: -agentlib:jdwp=transport=dt_socket,address=127.0.0.1:59596,suspend=y,server=n --enable-preview -agentpath:C:\Users\niksv\AppData\Local\Temp\idea_libasyncProfiler_dll_temp_folder6077\libasyncProfiler.dll=version,jfr,event=wall,interval=10ms,cstack=no,file=C:\Users\niksv\IdeaSnapshots\Run_2025_08_02_111825.jfr,dbghelppath=C:\Users\niksv\AppData\Local\Temp\idea_dbghelp_dll_temp_folder10\dbghelp.dll,log=C:\Users\niksv\AppData\Local\Temp\Run_2025_08_02_111825.jfr.log.txt,logLevel=DEBUG -javaagent:C:\Users\niksv\AppData\Local\JetBrains\IntelliJIdea2024.3\captureAgent\debugger-agent.jar -Dkotlinx.coroutines.debug.enable.creation.stack.trace=false -Ddebugger.agent.enable.coroutines=true -Dkotlinx.coroutines.debug.enable.flows.stack.trace=true -Dkotlinx.coroutines.debug.enable.mutable.state.flows.stack.trace=true -Dfile.encoding=UTF-8 -Dsun.stdout.encoding=UTF-8 -Dsun.stderr.encoding=UTF-8 main.Main

Host: 12th Gen Intel(R) Core(TM) i7-12700H, 20 cores, 15G,  Windows 11 , 64 bit Build 26100 (10.0.26100.4484)
Time: Sat Aug  2 11:23:21 2025 W. Europe Daylight Time elapsed time: 295.888818 seconds (0d 0h 4m 55s)

---------------  T H R E A D  ---------------

Current thread (0x000001cfe171e280):  JavaThread "Attach Listener" daemon [_thread_in_native, id=36548, stack(0x00000042b8d00000,0x00000042b8e00000) (1024K)]

Stack: [0x00000042b8d00000,0x00000042b8e00000],  sp=0x00000042b8dff090,  free space=1020k
Native frames: (J=compiled Java code, j=interpreted, Vv=VM code, C=native code)
C  [libasyncProfiler.dll+0x93004]  (no source info available)
C  [libasyncProfiler.dll+0x934db]  (no source info available)
C  [libasyncProfiler.dll+0x92134]  (no source info available)
C  [libasyncProfiler.dll+0x929aa]  (no source info available)
C  [libasyncProfiler.dll+0x8d561]  (no source info available)
C  [libasyncProfiler.dll+0x7ef21]  (no source info available)
C  [libasyncProfiler.dll+0x7dc38]  (no source info available)
C  [libasyncProfiler.dll+0x7db20]  (no source info available)
C  [libasyncProfiler.dll+0x84af9]  (no source info available)
V  [jvm.dll+0x57eff7]  (no source info available)
V  [jvm.dll+0x57fdac]  (no source info available)
V  [jvm.dll+0x14ca17]  (no source info available)
V  [jvm.dll+0x14dfe1]  (no source info available)
V  [jvm.dll+0x42f456]  (no source info available)
V  [jvm.dll+0x87d76b]  (no source info available)
V  [jvm.dll+0x72ee55]  (no source info available)
C  [ucrtbase.dll+0x37b0]  (no source info available)
C  [KERNEL32.DLL+0x2e8d7]  (no source info available)
C  [ntdll.dll+0x3c34c]  (no source info available)


siginfo: EXCEPTION_ACCESS_VIOLATION (0xc0000005), reading address 0xffffffffffffffff


Registers:
RAX=0x0000000000000010, RBX=0x0000000000000000, RCX=0xffffffffffffffff, RDX=0x007fffc8b6300010
RSP=0x00000042b8dff090, RBP=0x000001cf82bdad28, RSI=0x00000042b8dff200, RDI=0x000001cf82bdad28
R8 =0x0000000000000042, R9 =0x0000000714801ed8, R10=0x00007fffc8dd9fb0, R11=0x0000000000000284
R12=0x00000042b8dff200, R13=0x000001cfe19fb470, R14=0x000001cfe171e648, R15=0x000001cfe171e648
RIP=0x00007fffc5d93004, EFLAGS=0x0000000000010202

XMM[0]=0x0000000000000000 0x0000000000000000
XMM[1]=0x0000000000000000 0x0000000000000000
XMM[2]=0x0000000000000000 0x0000000000000000
XMM[3]=0x0000000000000000 0x0000000000000000
XMM[4]=0x0000000000000000 0x0000000000000000
XMM[5]=0x0000000000000000 0x0000000000000000
XMM[6]=0x0000000000000000 0x0000000000000000
XMM[7]=0x0000000000000000 0x0000000000000000
XMM[8]=0x0000000000000000 0x0000000000000000
XMM[9]=0x0000000000000000 0x0000000000000000
XMM[10]=0x0000000000000000 0x0000000000000000
XMM[11]=0x0000000000000000 0x0000000000000000
XMM[12]=0x0000000000000000 0x0000000000000000
XMM[13]=0x0000000000000000 0x0000000000000000
XMM[14]=0x0000000000000000 0x0000000000000000
XMM[15]=0x0000000000000000 0x0000000000000000
  MXCSR=0x00001fa0


Register to memory mapping:

RAX=0x0000000000000010 is an unknown value
RBX=0x0 is null
RCX=0xffffffffffffffff is an unknown value
RDX=0x007fffc8b6300010 is an unknown value
RSP=0x00000042b8dff090 is pointing into the stack for thread: 0x000001cfe171e280
RBP=0x000001cf82bdad28 points into unknown readable memory: 0x0000000714801ed8 | d8 1e 80 14 07 00 00 00
RSI=0x00000042b8dff200 is pointing into the stack for thread: 0x000001cfe171e280
RDI=0x000001cf82bdad28 points into unknown readable memory: 0x0000000714801ed8 | d8 1e 80 14 07 00 00 00
R8 =0x0000000000000042 is an unknown value
R9 =0x0000000714801ed8 is an oop: java.lang.Thread 
{0x0000000714801ed8} - klass: 'java/lang/Thread' - flags: 

 - ---- fields (total size 14 words):
 - 'threadLocalRandomProbe' 'I' @12  0 (0x00000000)
 - private volatile 'eetop' 'J' @16  1992350470416 (0x000001cfe1579110)
 - private final 'tid' 'J' @24  3 (0x0000000000000003)
 - 'threadLocalRandomSeed' 'J' @32  0 (0x0000000000000000)
 - injected 'jvmti_thread_state' 'J' @40  1990763599536 (0x000001cf82c1d6b0)
 - 'threadLocalRandomSecondarySeed' 'I' @48  0 (0x00000000)
 - injected 'jvmti_VTMS_transition_disable_count' 'I' @52  0 (0x00000000)
 - injected 'jfr_epoch' 'S' @56  0 (0x0000)
 - volatile 'interrupted' 'Z' @58  false (0x00)
 - injected 'jvmti_is_in_VTMS_transition' 'Z' @59  false (0x00)
 - private volatile 'name' 'Ljava/lang/String;' @60  "main"{0x0000000714801f48} (0xe29003e9)
 - private volatile 'contextClassLoader' 'Ljava/lang/ClassLoader;' @64  a 'jdk/internal/loader/ClassLoaders$AppClassLoader'{0x000000071481e8a0} (0xe2903d14)
 - private final 'holder' 'Ljava/lang/Thread$FieldHolder;' @68  a 'java/lang/Thread$FieldHolder'{0x0000000714801f88} (0xe29003f1)
 - 'threadLocals' 'Ljava/lang/ThreadLocal$ThreadLocalMap;' @72  a 'java/lang/ThreadLocal$ThreadLocalMap'{0x00000007145c3dc0} (0xe28b87b8)
 - 'inheritableThreadLocals' 'Ljava/lang/ThreadLocal$ThreadLocalMap;' @76  null (0x00000000)
 - private 'scopedValueBindings' 'Ljava/lang/Object;' @80  a 'java/lang/Class'{0x00000007ffe7c258} = 'java/lang/Thread' (0xfffcf84b)
 - final 'interruptLock' 'Ljava/lang/Object;' @84  a 'java/lang/Object'{0x0000000714801f78} (0xe29003ef)
 - private volatile 'parkBlocker' 'Ljava/lang/Object;' @88  null (0x00000000)
 - private 'nioBlocker' 'Lsun/nio/ch/Interruptible;' @92  null (0x00000000)
 - private 'cont' 'Ljdk/internal/vm/Continuation;' @96  null (0x00000000)
 - private volatile 'uncaughtExceptionHandler' 'Ljava/lang/Thread$UncaughtExceptionHandler;' @100  null (0x00000000)
 - private 'container' 'Ljdk/internal/vm/ThreadContainer;' @104  null (0x00000000)
 - private volatile 'headStackableScopes' 'Ljdk/internal/vm/StackableScope;' @108  null (0x00000000)
R10=0x00007fffc8dd9fb0 jvm.dll
R11=0x0000000000000284 is an unknown value
R12=0x00000042b8dff200 is pointing into the stack for thread: 0x000001cfe171e280
R13=0x000001cfe19fb470 points into unknown readable memory: 0x00007fffc8d4a510 | 10 a5 d4 c8 ff 7f 00 00
R14=0x000001cfe171e648 points into unknown readable memory: 0x00007fffc8d417b0 | b0 17 d4 c8 ff 7f 00 00
R15=0x000001cfe171e648 points into unknown readable memory: 0x00007fffc8d417b0 | b0 17 d4 c8 ff 7f 00 00

Top of Stack: (sp=0x00000042b8dff090)
0x00000042b8dff090:   00000042b8dff200 000001cf82bdad28   ....B...(.......
0x00000042b8dff0a0:   0000000000000000 000001cfe171e9d0   ..........q.....
0x00000042b8dff0b0:   000000000000001a 00007fffc5d934db   .........4......
0x00000042b8dff0c0:   0000000000000000 000001cfe171e648   ........H.q.....
0x00000042b8dff0d0:   00000042b8dff201 0000000000000000   ....B...........
0x00000042b8dff0e0:   000001cfc8353350 00007fffc5d92134   P35.....4!......
0x00000042b8dff0f0:   0000000000000000 000000000000001a   ................
0x00000042b8dff100:   0000000000000000 000000000000001a   ................
0x00000042b8dff110:   0000000e00000002 000001cfc8354ad0   .........J5.....
0x00000042b8dff120:   000001cfc8353350 000001cfc83533b8   P35......35.....
0x00000042b8dff130:   000001cfc83533c0 000000000000a480   .35.............
0x00000042b8dff140:   0000000000000000 0000000000000000   ................
0x00000042b8dff150:   0000000000000000 00007fffc85a57d4   .........WZ.....
0x00000042b8dff160:   00007fffc5eeae00 000000000000dca0   ................
0x00000042b8dff170:   00007fffc5eeae00 00000000ffffffff   ................
0x00000042b8dff180:   0000000000000000 00007fffc5d929aa   .........)......
0x00000042b8dff190:   000001cfe171e648 0000000000000000   H.q.............
0x00000042b8dff1a0:   00000042b8dff209 000001cfe19fb470   ....B...p.......
0x00000042b8dff1b0:   00007ff80000467c 0000000000000000   |F..............
0x00000042b8dff1c0:   0000000000000000 00007ff845e8f559   ........Y..E....
0x00000042b8dff1d0:   000001cfe171e648 00007fffc5eeae00   H.q.............
0x00000042b8dff1e0:   0000000000000000 00007fffc5e2bc53   ........S.......
0x00000042b8dff1f0:   0000000000000000 000001cfe171e648   ........H.q.....
0x00000042b8dff200:   000001cf82cb3d20 000001cf82cb4060    =......`@......
0x00000042b8dff210:   000001cf82cb4060 00007fffc5eeae00   `@..............
0x00000042b8dff220:   000001cfe1a160e8 00000042b8dff398   .`..........B...
0x00000042b8dff230:   00000042b8dff4d0 0000000000008840   ....B...@.......
0x00000042b8dff240:   00000042b8dff6b0 00007fffc5eeae50   ....B...P.......
0x00000042b8dff250:   0000000000989680 0000000000989680   ................
0x00000042b8dff260:   00000042b8dff370 00007fffc5d8d561   p...B...a.......
0x00000042b8dff270:   00007fffc5eeae00 00007fffc5eeae58   ........X.......
0x00000042b8dff280:   00007fff00000000 003ec4bd00000001   ..............>.

Instructions: (pc=0x00007fffc5d93004)
  0x00007fffc5d92f04:   cc cc cc cc cc cc cc cc cc cc cc cc cc cc cc cc
  0x00007fffc5d92f14:   cc cc cc cc cc cc cc cc cc cc cc cc cc cc cc cc
  0x00007fffc5d92f24:   cc cc cc cc cc cc cc cc cc cc cc cc cc cc cc cc
  0x00007fffc5d92f34:   cc cc cc cc cc cc cc cc cc cc cc cc cc cc cc cc
  0x00007fffc5d92f44:   cc cc cc cc cc cc cc cc cc cc cc cc cc cc cc cc
  0x00007fffc5d92f54:   cc cc cc cc cc cc cc cc cc cc cc cc cc cc cc cc
  0x00007fffc5d92f64:   cc cc cc cc cc cc cc cc cc cc cc cc cc cc cc cc
  0x00007fffc5d92f74:   cc cc cc cc cc cc cc cc cc cc cc cc cc cc cc cc
  0x00007fffc5d92f84:   cc cc cc cc cc cc cc cc cc cc cc cc 40 57 48 83
  0x00007fffc5d92f94:   ec 20 48 8b f9 48 8b 0d 30 80 15 00 48 85 c9 74
  0x00007fffc5d92fa4:   20 48 8b 01 48 8d 54 24 38 41 b8 06 00 01 00 4c
  0x00007fffc5d92fb4:   8b 48 30 41 ff d1 85 c0 75 07 48 8b 4c 24 38 eb
  0x00007fffc5d92fc4:   02 33 c9 4c 8b 05 0a 81 15 00 48 89 5c 24 30 4d
  0x00007fffc5d92fd4:   85 c0 74 4a 48 8b 01 48 8b d7 4c 8b 88 28 03 00
  0x00007fffc5d92fe4:   00 41 ff d1 48 85 c0 74 35 48 63 0d b8 3d 15 00
  0x00007fffc5d92ff4:   48 8b 14 01 48 85 d2 74 15 48 63 05 bc 3d 15 00
=>0x00007fffc5d93004:   8b 04 10 48 8b 5c 24 30 48 83 c4 20 5f c3 b8 ff
  0x00007fffc5d93014:   ff ff ff 48 8b 5c 24 30 48 83 c4 20 5f c3 80 3d
  0x00007fffc5d93024:   bb 7f 15 00 00 bb ff ff ff ff 74 20 4c 8b 0d 51
  0x00007fffc5d93034:   7c 15 00 4c 8d 44 24 38 48 8b 0d 35 7c 15 00 48
  0x00007fffc5d93044:   8b d7 41 ff d1 85 c0 0f 44 5c 24 38 8b c3 48 8b
  0x00007fffc5d93054:   5c 24 30 48 83 c4 20 5f c3 cc cc cc cc cc cc cc
  0x00007fffc5d93064:   cc cc cc cc cc cc cc cc cc cc cc cc cc cc cc cc
  0x00007fffc5d93074:   cc cc cc cc cc cc cc cc cc cc cc cc cc cc cc cc
  0x00007fffc5d93084:   cc cc cc cc cc cc cc cc cc cc cc cc 48 89 54 24
  0x00007fffc5d93094:   10 53 55 56 57 41 56 41 57 48 83 ec 28 48 8b f2
  0x00007fffc5d930a4:   4c 8b f1 48 89 4c 24 78 45 33 ff 44 89 7c 24 68
  0x00007fffc5d930b4:   c7 44 24 60 01 00 00 00 48 8d 4c 24 68 e8 69 3c
  0x00007fffc5d930c4:   f7 ff 8b d8 48 8d 4c 24 60 e8 5d 3c f7 ff 8b e8
  0x00007fffc5d930d4:   49 8b ce e8 33 f3 f6 ff 48 8b f8 90 8b c3 f0 0f
  0x00007fffc5d930e4:   b1 2f 74 04 f3 90 eb f4 4c 89 3e 4c 89 7e 08 4c
  0x00007fffc5d930f4:   89 7e 10 49 8b 6e 08 4d 8b 76 10 49 3b ee 0f 84


Stack slot to memory mapping:

stack at sp + 0 slots: 0x00000042b8dff200 is pointing into the stack for thread: 0x000001cfe171e280
stack at sp + 1 slots: 0x000001cf82bdad28 points into unknown readable memory: 0x0000000714801ed8 | d8 1e 80 14 07 00 00 00
stack at sp + 2 slots: 0x0 is null
stack at sp + 3 slots: 0x000001cfe171e9d0 points into unknown readable memory: 0x6e616c2e6176616a | 6a 61 76 61 2e 6c 61 6e
stack at sp + 4 slots: 0x000000000000001a is an unknown value
stack at sp + 5 slots: 0x00007fffc5d934db libasyncProfiler.dll
stack at sp + 6 slots: 0x0 is null
stack at sp + 7 slots: 0x000001cfe171e648 points into unknown readable memory: 0x00007fffc8d417b0 | b0 17 d4 c8 ff 7f 00 00

Lock stack of current Java thread (top to bottom):


---------------  P R O C E S S  ---------------

Threads class SMR info:
_java_thread_list=0x000001cfc8dc6990, length=18, elements={
0x000001cfe1579110, 0x000001cfe1716b70, 0x000001cfe17172b0, 0x000001cfe171d620,
0x000001cfe171e280, 0x000001cfe171fb80, 0x000001cfe172a260, 0x000001cfe1726950,
0x000001cfe17270e0, 0x000001cfc803cf00, 0x000001cfc803da50, 0x000001cfc80375c0,
0x000001cfe1729b10, 0x000001cfe1728c70, 0x000001cfe17293c0, 0x000001cfe172b100,
0x000001cfe1727dd0, 0x000001cfc8c796d0
}

Java Threads: ( => current thread )
  0x000001cfe1579110 JavaThread "main"                              [_thread_blocked, id=37336, stack(0x00000042b8200000,0x00000042b8300000) (1024K)]
  0x000001cfe1716b70 JavaThread "Reference Handler"          daemon [_thread_blocked, id=4116, stack(0x00000042b8a00000,0x00000042b8b00000) (1024K)]
  0x000001cfe17172b0 JavaThread "Finalizer"                  daemon [_thread_blocked, id=38692, stack(0x00000042b8b00000,0x00000042b8c00000) (1024K)]
  0x000001cfe171d620 JavaThread "Signal Dispatcher"          daemon [_thread_blocked, id=77768, stack(0x00000042b8c00000,0x00000042b8d00000) (1024K)]
=>0x000001cfe171e280 JavaThread "Attach Listener"            daemon [_thread_in_native, id=36548, stack(0x00000042b8d00000,0x00000042b8e00000) (1024K)]
  0x000001cfe171fb80 JavaThread "Service Thread"             daemon [_thread_blocked, id=78196, stack(0x00000042b8e00000,0x00000042b8f00000) (1024K)]
  0x000001cfe172a260 JavaThread "Monitor Deflation Thread"   daemon [_thread_blocked, id=66172, stack(0x00000042b8f00000,0x00000042b9000000) (1024K)]
  0x000001cfe1726950 JavaThread "C2 CompilerThread0"         daemon [_thread_blocked, id=86612, stack(0x00000042b9000000,0x00000042b9100000) (1024K)]
  0x000001cfe17270e0 JavaThread "C1 CompilerThread0"         daemon [_thread_blocked, id=23248, stack(0x00000042b9100000,0x00000042b9200000) (1024K)]
  0x000001cfc803cf00 JavaThread "JDWP Transport Listener: dt_socket" daemon [_thread_blocked, id=71824, stack(0x00000042b9600000,0x00000042b9700000) (1024K)]
  0x000001cfc803da50 JavaThread "JDWP Event Helper Thread"   daemon [_thread_blocked, id=42140, stack(0x00000042b9700000,0x00000042b9800000) (1024K)]
  0x000001cfc80375c0 JavaThread "JDWP Command Reader"        daemon [_thread_in_native, id=92124, stack(0x00000042b9800000,0x00000042b9900000) (1024K)]
  0x000001cfe1729b10 JavaThread "Notification Thread"        daemon [_thread_blocked, id=17928, stack(0x00000042b9900000,0x00000042b9a00000) (1024K)]
  0x000001cfe1728c70 JavaThread "Common-Cleaner"             daemon [_thread_blocked, id=31916, stack(0x00000042b9a00000,0x00000042b9b00000) (1024K)]
  0x000001cfe17293c0 JavaThread "Java2D Disposer"            daemon [_thread_blocked, id=12800, stack(0x00000042b9b00000,0x00000042b9c00000) (1024K)]
  0x000001cfe172b100 JavaThread "AWT-Shutdown"                      [_thread_blocked, id=31560, stack(0x00000042b9c00000,0x00000042b9d00000) (1024K)]
  0x000001cfe1727dd0 JavaThread "AWT-Windows"                daemon [_thread_in_native, id=84800, stack(0x00000042b9d00000,0x00000042b9e00000) (1024K)]
  0x000001cfc8c796d0 JavaThread "AWT-EventQueue-0"                  [_thread_blocked, id=42112, stack(0x00000042b9500000,0x00000042b9600000) (1024K)]
Total: 18

Other Threads:
  0x000001cfe1705c40 VMThread "VM Thread"                           [id=1176, stack(0x00000042b8900000,0x00000042b8a00000) (1024K)]
  0x000001cfe16d9f00 WatcherThread "VM Periodic Task Thread"        [id=7268, stack(0x00000042b8800000,0x00000042b8900000) (1024K)]
  0x000001cfe15f1120 WorkerThread "GC Thread#0"                     [id=43076, stack(0x00000042b8300000,0x00000042b8400000) (1024K)]
  0x000001cfe1640010 ConcurrentGCThread "G1 Main Marker"            [id=2860, stack(0x00000042b8400000,0x00000042b8500000) (1024K)]
  0x000001cfe1640a30 WorkerThread "G1 Conc#0"                       [id=16664, stack(0x00000042b8500000,0x00000042b8600000) (1024K)]
  0x000001cfe16c84e0 ConcurrentGCThread "G1 Refine#0"               [id=14924, stack(0x00000042b8600000,0x00000042b8700000) (1024K)]
  0x000001cfe16cbe30 ConcurrentGCThread "G1 Service"                [id=96512, stack(0x00000042b8700000,0x00000042b8800000) (1024K)]
Total: 7

Threads with active compile tasks:
Total: 0

VM state: not at safepoint (normal execution)

VM Mutex/Monitor currently owned by a thread: None

Heap address: 0x0000000704e00000, size: 4018 MB, Compressed Oops mode: Zero based, Oop shift amount: 3

CDS archive(s) mapped at: [0x000001cf83000000-0x000001cf83d40000-0x000001cf83d40000), size 13893632, SharedBaseAddress: 0x000001cf83000000, ArchiveRelocationMode: 1.
Compressed class space mapped at: 0x000001cf84000000-0x000001cfc4000000, reserved size: 1073741824
UseCompressedClassPointers 1, UseCompactObjectHeaders 0
Narrow klass pointer bits 32, Max shift 3
Narrow klass base: 0x000001cf83000000, Narrow klass shift: 0
Encoding Range: [0x000001cf83000000 - 0x000001d083000000), (4294967296 bytes)
Klass Range:    [0x000001cf83000000 - 0x000001cfc4000000), (1090519040 bytes)
Klass ID Range:  [8 - 1090519033) (1090519025)

GC Precious Log:
 CardTable entry size: 512
 Card Set container configuration: InlinePtr #cards 4 size 8 Array Of Cards #cards 16 size 48 Howl #buckets 8 coarsen threshold 3686 Howl Bitmap #cards 512 size 80 coarsen threshold 460 Card regions per heap region 1 cards per card region 4096
 CPUs: 20 total, 20 available
 Memory: 16068M
 Large Page Support: Disabled
 NUMA Support: Disabled
 Compressed Oops: Enabled (Zero based)
 Heap Region Size: 2M
 Heap Min Capacity: 8M
 Heap Initial Capacity: 252M
 Heap Max Capacity: 4018M
 Pre-touch: Disabled
 Parallel Workers: 15
 Concurrent Workers: 4
 Concurrent Refinement Workers: 15
 Periodic GC: Disabled

Heap:
 garbage-first heap   total reserved 4114432K, committed 260096K, used 33904K [0x0000000704e00000, 0x0000000800000000)
  region size 2048K, 13 young (26624K), 0 survivors (0K)
 Metaspace       used 9996K, committed 10240K, reserved 1114112K
  class space    used 847K, committed 960K, reserved 1048576K

Heap Regions: E=young(eden), S=young(survivor), O=old, HS=humongous(starts), HC=humongous(continues), CS=collection set, F=free, TAMS=top-at-mark-start, PB=parsable bottom
|   0|0x0000000704e00000, 0x0000000705000000, 0x0000000705000000|100%|HS|  |TAMS 0x0000000704e00000| PB 0x0000000704e00000| Complete |  0
|   1|0x0000000705000000, 0x0000000705200000, 0x0000000705200000|100%|HC|  |TAMS 0x0000000705000000| PB 0x0000000705000000| Complete |  0
|   2|0x0000000705200000, 0x0000000705400000, 0x0000000705400000|100%|HC|  |TAMS 0x0000000705200000| PB 0x0000000705200000| Complete |  0
|   3|0x0000000705400000, 0x0000000705600000, 0x0000000705600000|100%|HC|  |TAMS 0x0000000705400000| PB 0x0000000705400000| Complete |  0
|   4|0x0000000705600000, 0x0000000705600000, 0x0000000705800000|  0%| F|  |TAMS 0x0000000705600000| PB 0x0000000705600000| Untracked |  0
|   5|0x0000000705800000, 0x0000000705800000, 0x0000000705a00000|  0%| F|  |TAMS 0x0000000705800000| PB 0x0000000705800000| Untracked |  0
|   6|0x0000000705a00000, 0x0000000705a00000, 0x0000000705c00000|  0%| F|  |TAMS 0x0000000705a00000| PB 0x0000000705a00000| Untracked |  0
|   7|0x0000000705c00000, 0x0000000705c00000, 0x0000000705e00000|  0%| F|  |TAMS 0x0000000705c00000| PB 0x0000000705c00000| Untracked |  0
|   8|0x0000000705e00000, 0x0000000705e00000, 0x0000000706000000|  0%| F|  |TAMS 0x0000000705e00000| PB 0x0000000705e00000| Untracked |  0
|   9|0x0000000706000000, 0x0000000706000000, 0x0000000706200000|  0%| F|  |TAMS 0x0000000706000000| PB 0x0000000706000000| Untracked |  0
|  10|0x0000000706200000, 0x0000000706200000, 0x0000000706400000|  0%| F|  |TAMS 0x0000000706200000| PB 0x0000000706200000| Untracked |  0
|  11|0x0000000706400000, 0x0000000706400000, 0x0000000706600000|  0%| F|  |TAMS 0x0000000706400000| PB 0x0000000706400000| Untracked |  0
|  12|0x0000000706600000, 0x0000000706600000, 0x0000000706800000|  0%| F|  |TAMS 0x0000000706600000| PB 0x0000000706600000| Untracked |  0
|  13|0x0000000706800000, 0x0000000706800000, 0x0000000706a00000|  0%| F|  |TAMS 0x0000000706800000| PB 0x0000000706800000| Untracked |  0
|  14|0x0000000706a00000, 0x0000000706a00000, 0x0000000706c00000|  0%| F|  |TAMS 0x0000000706a00000| PB 0x0000000706a00000| Untracked |  0
|  15|0x0000000706c00000, 0x0000000706c00000, 0x0000000706e00000|  0%| F|  |TAMS 0x0000000706c00000| PB 0x0000000706c00000| Untracked |  0
|  16|0x0000000706e00000, 0x0000000706e00000, 0x0000000707000000|  0%| F|  |TAMS 0x0000000706e00000| PB 0x0000000706e00000| Untracked |  0
|  17|0x0000000707000000, 0x0000000707000000, 0x0000000707200000|  0%| F|  |TAMS 0x0000000707000000| PB 0x0000000707000000| Untracked |  0
|  18|0x0000000707200000, 0x0000000707200000, 0x0000000707400000|  0%| F|  |TAMS 0x0000000707200000| PB 0x0000000707200000| Untracked |  0
|  19|0x0000000707400000, 0x0000000707400000, 0x0000000707600000|  0%| F|  |TAMS 0x0000000707400000| PB 0x0000000707400000| Untracked |  0
|  20|0x0000000707600000, 0x0000000707600000, 0x0000000707800000|  0%| F|  |TAMS 0x0000000707600000| PB 0x0000000707600000| Untracked |  0
|  21|0x0000000707800000, 0x0000000707800000, 0x0000000707a00000|  0%| F|  |TAMS 0x0000000707800000| PB 0x0000000707800000| Untracked |  0
|  22|0x0000000707a00000, 0x0000000707a00000, 0x0000000707c00000|  0%| F|  |TAMS 0x0000000707a00000| PB 0x0000000707a00000| Untracked |  0
|  23|0x0000000707c00000, 0x0000000707c00000, 0x0000000707e00000|  0%| F|  |TAMS 0x0000000707c00000| PB 0x0000000707c00000| Untracked |  0
|  24|0x0000000707e00000, 0x0000000707e00000, 0x0000000708000000|  0%| F|  |TAMS 0x0000000707e00000| PB 0x0000000707e00000| Untracked |  0
|  25|0x0000000708000000, 0x0000000708000000, 0x0000000708200000|  0%| F|  |TAMS 0x0000000708000000| PB 0x0000000708000000| Untracked |  0
|  26|0x0000000708200000, 0x0000000708200000, 0x0000000708400000|  0%| F|  |TAMS 0x0000000708200000| PB 0x0000000708200000| Untracked |  0
|  27|0x0000000708400000, 0x0000000708400000, 0x0000000708600000|  0%| F|  |TAMS 0x0000000708400000| PB 0x0000000708400000| Untracked |  0
|  28|0x0000000708600000, 0x0000000708600000, 0x0000000708800000|  0%| F|  |TAMS 0x0000000708600000| PB 0x0000000708600000| Untracked |  0
|  29|0x0000000708800000, 0x0000000708800000, 0x0000000708a00000|  0%| F|  |TAMS 0x0000000708800000| PB 0x0000000708800000| Untracked |  0
|  30|0x0000000708a00000, 0x0000000708a00000, 0x0000000708c00000|  0%| F|  |TAMS 0x0000000708a00000| PB 0x0000000708a00000| Untracked |  0
|  31|0x0000000708c00000, 0x0000000708c00000, 0x0000000708e00000|  0%| F|  |TAMS 0x0000000708c00000| PB 0x0000000708c00000| Untracked |  0
|  32|0x0000000708e00000, 0x0000000708e00000, 0x0000000709000000|  0%| F|  |TAMS 0x0000000708e00000| PB 0x0000000708e00000| Untracked |  0
|  33|0x0000000709000000, 0x0000000709000000, 0x0000000709200000|  0%| F|  |TAMS 0x0000000709000000| PB 0x0000000709000000| Untracked |  0
|  34|0x0000000709200000, 0x0000000709200000, 0x0000000709400000|  0%| F|  |TAMS 0x0000000709200000| PB 0x0000000709200000| Untracked |  0
|  35|0x0000000709400000, 0x0000000709400000, 0x0000000709600000|  0%| F|  |TAMS 0x0000000709400000| PB 0x0000000709400000| Untracked |  0
|  36|0x0000000709600000, 0x0000000709600000, 0x0000000709800000|  0%| F|  |TAMS 0x0000000709600000| PB 0x0000000709600000| Untracked |  0
|  37|0x0000000709800000, 0x0000000709800000, 0x0000000709a00000|  0%| F|  |TAMS 0x0000000709800000| PB 0x0000000709800000| Untracked |  0
|  38|0x0000000709a00000, 0x0000000709a00000, 0x0000000709c00000|  0%| F|  |TAMS 0x0000000709a00000| PB 0x0000000709a00000| Untracked |  0
|  39|0x0000000709c00000, 0x0000000709c00000, 0x0000000709e00000|  0%| F|  |TAMS 0x0000000709c00000| PB 0x0000000709c00000| Untracked |  0
|  40|0x0000000709e00000, 0x0000000709e00000, 0x000000070a000000|  0%| F|  |TAMS 0x0000000709e00000| PB 0x0000000709e00000| Untracked |  0
|  41|0x000000070a000000, 0x000000070a000000, 0x000000070a200000|  0%| F|  |TAMS 0x000000070a000000| PB 0x000000070a000000| Untracked |  0
|  42|0x000000070a200000, 0x000000070a200000, 0x000000070a400000|  0%| F|  |TAMS 0x000000070a200000| PB 0x000000070a200000| Untracked |  0
|  43|0x000000070a400000, 0x000000070a400000, 0x000000070a600000|  0%| F|  |TAMS 0x000000070a400000| PB 0x000000070a400000| Untracked |  0
|  44|0x000000070a600000, 0x000000070a600000, 0x000000070a800000|  0%| F|  |TAMS 0x000000070a600000| PB 0x000000070a600000| Untracked |  0
|  45|0x000000070a800000, 0x000000070a800000, 0x000000070aa00000|  0%| F|  |TAMS 0x000000070a800000| PB 0x000000070a800000| Untracked |  0
|  46|0x000000070aa00000, 0x000000070aa00000, 0x000000070ac00000|  0%| F|  |TAMS 0x000000070aa00000| PB 0x000000070aa00000| Untracked |  0
|  47|0x000000070ac00000, 0x000000070ac00000, 0x000000070ae00000|  0%| F|  |TAMS 0x000000070ac00000| PB 0x000000070ac00000| Untracked |  0
|  48|0x000000070ae00000, 0x000000070ae00000, 0x000000070b000000|  0%| F|  |TAMS 0x000000070ae00000| PB 0x000000070ae00000| Untracked |  0
|  49|0x000000070b000000, 0x000000070b000000, 0x000000070b200000|  0%| F|  |TAMS 0x000000070b000000| PB 0x000000070b000000| Untracked |  0
|  50|0x000000070b200000, 0x000000070b200000, 0x000000070b400000|  0%| F|  |TAMS 0x000000070b200000| PB 0x000000070b200000| Untracked |  0
|  51|0x000000070b400000, 0x000000070b400000, 0x000000070b600000|  0%| F|  |TAMS 0x000000070b400000| PB 0x000000070b400000| Untracked |  0
|  52|0x000000070b600000, 0x000000070b600000, 0x000000070b800000|  0%| F|  |TAMS 0x000000070b600000| PB 0x000000070b600000| Untracked |  0
|  53|0x000000070b800000, 0x000000070b800000, 0x000000070ba00000|  0%| F|  |TAMS 0x000000070b800000| PB 0x000000070b800000| Untracked |  0
|  54|0x000000070ba00000, 0x000000070ba00000, 0x000000070bc00000|  0%| F|  |TAMS 0x000000070ba00000| PB 0x000000070ba00000| Untracked |  0
|  55|0x000000070bc00000, 0x000000070bc00000, 0x000000070be00000|  0%| F|  |TAMS 0x000000070bc00000| PB 0x000000070bc00000| Untracked |  0
|  56|0x000000070be00000, 0x000000070be00000, 0x000000070c000000|  0%| F|  |TAMS 0x000000070be00000| PB 0x000000070be00000| Untracked |  0
|  57|0x000000070c000000, 0x000000070c000000, 0x000000070c200000|  0%| F|  |TAMS 0x000000070c000000| PB 0x000000070c000000| Untracked |  0
|  58|0x000000070c200000, 0x000000070c200000, 0x000000070c400000|  0%| F|  |TAMS 0x000000070c200000| PB 0x000000070c200000| Untracked |  0
|  59|0x000000070c400000, 0x000000070c400000, 0x000000070c600000|  0%| F|  |TAMS 0x000000070c400000| PB 0x000000070c400000| Untracked |  0
|  60|0x000000070c600000, 0x000000070c600000, 0x000000070c800000|  0%| F|  |TAMS 0x000000070c600000| PB 0x000000070c600000| Untracked |  0
|  61|0x000000070c800000, 0x000000070c800000, 0x000000070ca00000|  0%| F|  |TAMS 0x000000070c800000| PB 0x000000070c800000| Untracked |  0
|  62|0x000000070ca00000, 0x000000070ca00000, 0x000000070cc00000|  0%| F|  |TAMS 0x000000070ca00000| PB 0x000000070ca00000| Untracked |  0
|  63|0x000000070cc00000, 0x000000070cc00000, 0x000000070ce00000|  0%| F|  |TAMS 0x000000070cc00000| PB 0x000000070cc00000| Untracked |  0
|  64|0x000000070ce00000, 0x000000070ce00000, 0x000000070d000000|  0%| F|  |TAMS 0x000000070ce00000| PB 0x000000070ce00000| Untracked |  0
|  65|0x000000070d000000, 0x000000070d000000, 0x000000070d200000|  0%| F|  |TAMS 0x000000070d000000| PB 0x000000070d000000| Untracked |  0
|  66|0x000000070d200000, 0x000000070d200000, 0x000000070d400000|  0%| F|  |TAMS 0x000000070d200000| PB 0x000000070d200000| Untracked |  0
|  67|0x000000070d400000, 0x000000070d400000, 0x000000070d600000|  0%| F|  |TAMS 0x000000070d400000| PB 0x000000070d400000| Untracked |  0
|  68|0x000000070d600000, 0x000000070d600000, 0x000000070d800000|  0%| F|  |TAMS 0x000000070d600000| PB 0x000000070d600000| Untracked |  0
|  69|0x000000070d800000, 0x000000070d800000, 0x000000070da00000|  0%| F|  |TAMS 0x000000070d800000| PB 0x000000070d800000| Untracked |  0
|  70|0x000000070da00000, 0x000000070da00000, 0x000000070dc00000|  0%| F|  |TAMS 0x000000070da00000| PB 0x000000070da00000| Untracked |  0
|  71|0x000000070dc00000, 0x000000070dc00000, 0x000000070de00000|  0%| F|  |TAMS 0x000000070dc00000| PB 0x000000070dc00000| Untracked |  0
|  72|0x000000070de00000, 0x000000070de00000, 0x000000070e000000|  0%| F|  |TAMS 0x000000070de00000| PB 0x000000070de00000| Untracked |  0
|  73|0x000000070e000000, 0x000000070e000000, 0x000000070e200000|  0%| F|  |TAMS 0x000000070e000000| PB 0x000000070e000000| Untracked |  0
|  74|0x000000070e200000, 0x000000070e200000, 0x000000070e400000|  0%| F|  |TAMS 0x000000070e200000| PB 0x000000070e200000| Untracked |  0
|  75|0x000000070e400000, 0x000000070e400000, 0x000000070e600000|  0%| F|  |TAMS 0x000000070e400000| PB 0x000000070e400000| Untracked |  0
|  76|0x000000070e600000, 0x000000070e600000, 0x000000070e800000|  0%| F|  |TAMS 0x000000070e600000| PB 0x000000070e600000| Untracked |  0
|  77|0x000000070e800000, 0x000000070e800000, 0x000000070ea00000|  0%| F|  |TAMS 0x000000070e800000| PB 0x000000070e800000| Untracked |  0
|  78|0x000000070ea00000, 0x000000070ea00000, 0x000000070ec00000|  0%| F|  |TAMS 0x000000070ea00000| PB 0x000000070ea00000| Untracked |  0
|  79|0x000000070ec00000, 0x000000070ec00000, 0x000000070ee00000|  0%| F|  |TAMS 0x000000070ec00000| PB 0x000000070ec00000| Untracked |  0
|  80|0x000000070ee00000, 0x000000070ee00000, 0x000000070f000000|  0%| F|  |TAMS 0x000000070ee00000| PB 0x000000070ee00000| Untracked |  0
|  81|0x000000070f000000, 0x000000070f000000, 0x000000070f200000|  0%| F|  |TAMS 0x000000070f000000| PB 0x000000070f000000| Untracked |  0
|  82|0x000000070f200000, 0x000000070f200000, 0x000000070f400000|  0%| F|  |TAMS 0x000000070f200000| PB 0x000000070f200000| Untracked |  0
|  83|0x000000070f400000, 0x000000070f400000, 0x000000070f600000|  0%| F|  |TAMS 0x000000070f400000| PB 0x000000070f400000| Untracked |  0
|  84|0x000000070f600000, 0x000000070f600000, 0x000000070f800000|  0%| F|  |TAMS 0x000000070f600000| PB 0x000000070f600000| Untracked |  0
|  85|0x000000070f800000, 0x000000070f800000, 0x000000070fa00000|  0%| F|  |TAMS 0x000000070f800000| PB 0x000000070f800000| Untracked |  0
|  86|0x000000070fa00000, 0x000000070fa00000, 0x000000070fc00000|  0%| F|  |TAMS 0x000000070fa00000| PB 0x000000070fa00000| Untracked |  0
|  87|0x000000070fc00000, 0x000000070fc00000, 0x000000070fe00000|  0%| F|  |TAMS 0x000000070fc00000| PB 0x000000070fc00000| Untracked |  0
|  88|0x000000070fe00000, 0x000000070fe00000, 0x0000000710000000|  0%| F|  |TAMS 0x000000070fe00000| PB 0x000000070fe00000| Untracked |  0
|  89|0x0000000710000000, 0x0000000710000000, 0x0000000710200000|  0%| F|  |TAMS 0x0000000710000000| PB 0x0000000710000000| Untracked |  0
|  90|0x0000000710200000, 0x0000000710200000, 0x0000000710400000|  0%| F|  |TAMS 0x0000000710200000| PB 0x0000000710200000| Untracked |  0
|  91|0x0000000710400000, 0x0000000710400000, 0x0000000710600000|  0%| F|  |TAMS 0x0000000710400000| PB 0x0000000710400000| Untracked |  0
|  92|0x0000000710600000, 0x0000000710600000, 0x0000000710800000|  0%| F|  |TAMS 0x0000000710600000| PB 0x0000000710600000| Untracked |  0
|  93|0x0000000710800000, 0x0000000710800000, 0x0000000710a00000|  0%| F|  |TAMS 0x0000000710800000| PB 0x0000000710800000| Untracked |  0
|  94|0x0000000710a00000, 0x0000000710a00000, 0x0000000710c00000|  0%| F|  |TAMS 0x0000000710a00000| PB 0x0000000710a00000| Untracked |  0
|  95|0x0000000710c00000, 0x0000000710c00000, 0x0000000710e00000|  0%| F|  |TAMS 0x0000000710c00000| PB 0x0000000710c00000| Untracked |  0
|  96|0x0000000710e00000, 0x0000000710e00000, 0x0000000711000000|  0%| F|  |TAMS 0x0000000710e00000| PB 0x0000000710e00000| Untracked |  0
|  97|0x0000000711000000, 0x0000000711000000, 0x0000000711200000|  0%| F|  |TAMS 0x0000000711000000| PB 0x0000000711000000| Untracked |  0
|  98|0x0000000711200000, 0x0000000711200000, 0x0000000711400000|  0%| F|  |TAMS 0x0000000711200000| PB 0x0000000711200000| Untracked |  0
|  99|0x0000000711400000, 0x0000000711400000, 0x0000000711600000|  0%| F|  |TAMS 0x0000000711400000| PB 0x0000000711400000| Untracked |  0
| 100|0x0000000711600000, 0x0000000711600000, 0x0000000711800000|  0%| F|  |TAMS 0x0000000711600000| PB 0x0000000711600000| Untracked |  0
| 101|0x0000000711800000, 0x0000000711800000, 0x0000000711a00000|  0%| F|  |TAMS 0x0000000711800000| PB 0x0000000711800000| Untracked |  0
| 102|0x0000000711a00000, 0x0000000711a00000, 0x0000000711c00000|  0%| F|  |TAMS 0x0000000711a00000| PB 0x0000000711a00000| Untracked |  0
| 103|0x0000000711c00000, 0x0000000711c00000, 0x0000000711e00000|  0%| F|  |TAMS 0x0000000711c00000| PB 0x0000000711c00000| Untracked |  0
| 104|0x0000000711e00000, 0x0000000711e00000, 0x0000000712000000|  0%| F|  |TAMS 0x0000000711e00000| PB 0x0000000711e00000| Untracked |  0
| 105|0x0000000712000000, 0x0000000712000000, 0x0000000712200000|  0%| F|  |TAMS 0x0000000712000000| PB 0x0000000712000000| Untracked |  0
| 106|0x0000000712200000, 0x0000000712200000, 0x0000000712400000|  0%| F|  |TAMS 0x0000000712200000| PB 0x0000000712200000| Untracked |  0
| 107|0x0000000712400000, 0x0000000712400000, 0x0000000712600000|  0%| F|  |TAMS 0x0000000712400000| PB 0x0000000712400000| Untracked |  0
| 108|0x0000000712600000, 0x0000000712600000, 0x0000000712800000|  0%| F|  |TAMS 0x0000000712600000| PB 0x0000000712600000| Untracked |  0
| 109|0x0000000712800000, 0x0000000712800000, 0x0000000712a00000|  0%| F|  |TAMS 0x0000000712800000| PB 0x0000000712800000| Untracked |  0
| 110|0x0000000712a00000, 0x0000000712a00000, 0x0000000712c00000|  0%| F|  |TAMS 0x0000000712a00000| PB 0x0000000712a00000| Untracked |  0
| 111|0x0000000712c00000, 0x0000000712c00000, 0x0000000712e00000|  0%| F|  |TAMS 0x0000000712c00000| PB 0x0000000712c00000| Untracked |  0
| 112|0x0000000712e00000, 0x0000000712e00000, 0x0000000713000000|  0%| F|  |TAMS 0x0000000712e00000| PB 0x0000000712e00000| Untracked |  0
| 113|0x0000000713000000, 0x00000007130f9c38, 0x0000000713200000| 48%| E|  |TAMS 0x0000000713000000| PB 0x0000000713000000| Complete |  0
| 114|0x0000000713200000, 0x0000000713400000, 0x0000000713400000|100%| E|CS|TAMS 0x0000000713200000| PB 0x0000000713200000| Complete |  0
| 115|0x0000000713400000, 0x0000000713600000, 0x0000000713600000|100%| E|CS|TAMS 0x0000000713400000| PB 0x0000000713400000| Complete |  0
| 116|0x0000000713600000, 0x0000000713800000, 0x0000000713800000|100%| E|CS|TAMS 0x0000000713600000| PB 0x0000000713600000| Complete |  0
| 117|0x0000000713800000, 0x0000000713a00000, 0x0000000713a00000|100%| E|CS|TAMS 0x0000000713800000| PB 0x0000000713800000| Complete |  0
| 118|0x0000000713a00000, 0x0000000713c00000, 0x0000000713c00000|100%| E|CS|TAMS 0x0000000713a00000| PB 0x0000000713a00000| Complete |  0
| 119|0x0000000713c00000, 0x0000000713e00000, 0x0000000713e00000|100%| E|CS|TAMS 0x0000000713c00000| PB 0x0000000713c00000| Complete |  0
| 120|0x0000000713e00000, 0x0000000714000000, 0x0000000714000000|100%| E|CS|TAMS 0x0000000713e00000| PB 0x0000000713e00000| Complete |  0
| 121|0x0000000714000000, 0x0000000714200000, 0x0000000714200000|100%| E|CS|TAMS 0x0000000714000000| PB 0x0000000714000000| Complete |  0
| 122|0x0000000714200000, 0x0000000714400000, 0x0000000714400000|100%| E|CS|TAMS 0x0000000714200000| PB 0x0000000714200000| Complete |  0
| 123|0x0000000714400000, 0x0000000714600000, 0x0000000714600000|100%| E|CS|TAMS 0x0000000714400000| PB 0x0000000714400000| Complete |  0
| 124|0x0000000714600000, 0x0000000714800000, 0x0000000714800000|100%| E|CS|TAMS 0x0000000714600000| PB 0x0000000714600000| Complete |  0
| 125|0x0000000714800000, 0x0000000714a00000, 0x0000000714a00000|100%| E|CS|TAMS 0x0000000714800000| PB 0x0000000714800000| Complete |  0
|2008|0x00000007ffe00000, 0x00000007fff1c288, 0x0000000800000000| 55%| O|  |TAMS 0x00000007ffe00000| PB 0x00000007ffe00000| Untracked |  0

Card table byte_map: [0x000001cffb290000,0x000001cffba70000] _byte_map_base: 0x000001cff7a69000

Marking Bits: (CMBitMap*) 0x000001cfe15f1740
 Bits: [0x000001cffba70000, 0x000001cfff938000)

Polling page: 0x000001cfdfa30000

Metaspace:

Usage:
  Non-class:      8.93 MB used.
      Class:    847.27 KB used.
       Both:      9.76 MB used.

Virtual space:
  Non-class space:       64.00 MB reserved,       9.06 MB ( 14%) committed,  1 nodes.
      Class space:        1.00 GB reserved,     960.00 KB ( <1%) committed,  1 nodes.
             Both:        1.06 GB reserved,      10.00 MB ( <1%) committed. 

Chunk freelists:
   Non-Class:  6.88 MB
       Class:  15.02 MB
        Both:  21.90 MB

MaxMetaspaceSize: unlimited
CompressedClassSpaceSize: 1.00 GB
Initial GC threshold: 21.00 MB
Current GC threshold: 21.00 MB
CDS: on
 - commit_granule_bytes: 65536.
 - commit_granule_words: 8192.
 - virtual_space_node_default_size: 8388608.
 - enlarge_chunks_in_place: 1.
UseCompressedClassPointers 1, UseCompactObjectHeaders 0
Narrow klass pointer bits 32, Max shift 3
Narrow klass base: 0x000001cf83000000, Narrow klass shift: 0
Encoding Range: [0x000001cf83000000 - 0x000001d083000000), (4294967296 bytes)
Klass Range:    [0x000001cf83000000 - 0x000001cfc4000000), (1090519040 bytes)
Klass ID Range:  [8 - 1090519033) (1090519025)


Internal statistics:

num_allocs_failed_limit: 0.
num_arena_births: 208.
num_arena_deaths: 0.
num_vsnodes_births: 2.
num_vsnodes_deaths: 0.
num_space_committed: 160.
num_space_uncommitted: 0.
num_chunks_returned_to_freelist: 0.
num_chunks_taken_from_freelist: 270.
num_chunk_merges: 0.
num_chunk_splits: 170.
num_chunks_enlarged: 86.
num_inconsistent_stats: 0.

CodeHeap 'non-profiled nmethods': size=119232Kb used=318Kb max_used=318Kb free=118913Kb
 bounds [0x000001cff2630000, 0x000001cff28a0000, 0x000001cff9aa0000]
CodeHeap 'profiled nmethods': size=119104Kb used=1530Kb max_used=1530Kb free=117574Kb
 bounds [0x000001cfeaaa0000, 0x000001cfead10000, 0x000001cff1ef0000]
CodeHeap 'non-nmethods': size=7424Kb used=1548Kb max_used=3220Kb free=5875Kb
 bounds [0x000001cff1ef0000, 0x000001cff2220000, 0x000001cff2630000]
CodeCache: size=245760Kb, used=3396Kb, max_used=5068Kb, free=242362Kb
 total_blobs=1770, nmethods=1112, adapters=564, full_count=0
Compilation: enabled, stopped_count=0, restarted_count=0

Compilation events (20 events):
Event: 212.681 Thread 0x000001cfe17270e0 1104       3       sun.awt.AWTAccessor::getComponentAccessor (19 bytes)
Event: 212.682 Thread 0x000001cfe17270e0 nmethod 1104 0x000001cfeac1be08 code [0x000001cfeac1bfa0, 0x000001cfeac1c508]
Event: 212.682 Thread 0x000001cfe17270e0 1105       3       sun.awt.SunToolkit::getAppContext (42 bytes)
Event: 212.682 Thread 0x000001cfe17270e0 nmethod 1105 0x000001cfeac1c588 code [0x000001cfeac1c7e0, 0x000001cfeac1d758]
Event: 212.682 Thread 0x000001cfe17270e0 1106       3       sun.awt.SunToolkit::targetToAppContext (30 bytes)
Event: 212.682 Thread 0x000001cfe17270e0 nmethod 1106 0x000001cfeac1d808 code [0x000001cfeac1d960, 0x000001cfeac1ded8]
Event: 212.682 Thread 0x000001cfe17270e0 1107       3       java.awt.Component$1::getAppContext (5 bytes)
Event: 212.682 Thread 0x000001cfe17270e0 nmethod 1107 0x000001cfeac1df08 code [0x000001cfeac1e020, 0x000001cfeac1e138]
Event: 212.682 Thread 0x000001cfe17270e0 1108       3       java.awt.Component::getParent (5 bytes)
Event: 212.683 Thread 0x000001cfe17270e0 nmethod 1108 0x000001cfeac1e208 code [0x000001cfeac1e320, 0x000001cfeac1e4c8]
Event: 213.705 Thread 0x000001cfe17270e0 1109       1       java.awt.Color::getRGB (5 bytes)
Event: 213.705 Thread 0x000001cfe17270e0 nmethod 1109 0x000001cff267e888 code [0x000001cff267e980, 0x000001cff267ea48]
Event: 216.200 Thread 0x000001cfe17270e0 1110       1       java.awt.Component::getWidth (5 bytes)
Event: 216.201 Thread 0x000001cfe17270e0 nmethod 1110 0x000001cff267eb88 code [0x000001cff267ec80, 0x000001cff267ed48]
Event: 216.201 Thread 0x000001cfe17270e0 1111       1       java.awt.Component::getHeight (5 bytes)
Event: 216.201 Thread 0x000001cfe17270e0 nmethod 1111 0x000001cff267ee88 code [0x000001cff267ef80, 0x000001cff267f048]
Event: 229.975 Thread 0x000001cfe1726950 1113       4       java.util.HashMap::get (19 bytes)
Event: 229.976 Thread 0x000001cfe17270e0 1114       3       java.lang.Double::isNaN (12 bytes)
Event: 229.977 Thread 0x000001cfe17270e0 nmethod 1114 0x000001cfeac1e508 code [0x000001cfeac1e620, 0x000001cfeac1e778]
Event: 229.981 Thread 0x000001cfe1726950 nmethod 1113 0x000001cff267f488 code [0x000001cff267f5e0, 0x000001cff267fa68]

GC Heap History (0 events):
No events

Dll operation events (12 events):
Event: 0.029 Loaded shared library C:\Users\niksv\.jdks\openjdk-24.0.1\bin\java.dll
Event: 0.030 Loaded shared library C:\Users\niksv\.jdks\openjdk-24.0.1\bin\zip.dll
Event: 0.051 Loaded shared library C:\Users\niksv\.jdks\openjdk-24.0.1\bin\jsvml.dll
Event: 0.106 Loaded shared library C:\Users\niksv\.jdks\openjdk-24.0.1\bin\instrument.dll
Event: 0.152 Loaded shared library C:\Users\niksv\.jdks\openjdk-24.0.1\bin\net.dll
Event: 0.154 Loaded shared library C:\Users\niksv\.jdks\openjdk-24.0.1\bin\nio.dll
Event: 0.159 Loaded shared library C:\Users\niksv\.jdks\openjdk-24.0.1\bin\zip.dll
Event: 0.190 Loaded shared library C:\Users\niksv\.jdks\openjdk-24.0.1\bin\jimage.dll
Event: 0.211 Loaded shared library C:\Users\niksv\.jdks\openjdk-24.0.1\bin\awt.dll
Event: 0.386 Loaded shared library C:\Users\niksv\.jdks\openjdk-24.0.1\bin\freetype.dll
Event: 0.387 Loaded shared library C:\Users\niksv\.jdks\openjdk-24.0.1\bin\fontmanager.dll
Event: 295.815 Loaded shared library C:\Users\niksv\AppData\Local\Temp\idea_libasyncProfiler_dll_temp_folder6077\libasyncProfiler.dll

Deoptimization events (20 events):
Event: 132.854 Thread 0x000001cfe1579110 Uncommon trap: trap_request=0xffffff4d fr.pc=0x000001cff2648d90 relative=0x0000000000000090
Event: 132.854 Thread 0x000001cfe1579110 Uncommon trap: reason=unstable_if action=reinterpret pc=0x000001cff2648d90 method=jdk.internal.misc.Unsafe.convEndian(ZI)I @ 4 c2
Event: 132.854 Thread 0x000001cfe1579110 DEOPT PACKING pc=0x000001cff2648d90 sp=0x00000042b82fe150
Event: 132.854 Thread 0x000001cfe1579110 DEOPT UNPACKING pc=0x000001cff2018882 sp=0x00000042b82fe090 mode 2
Event: 132.855 Thread 0x000001cfe1579110 Uncommon trap: trap_request=0xffffff4d fr.pc=0x000001cff2648190 relative=0x0000000000000090
Event: 132.855 Thread 0x000001cfe1579110 Uncommon trap: reason=unstable_if action=reinterpret pc=0x000001cff2648190 method=jdk.internal.misc.Unsafe.convEndian(ZS)S @ 4 c2
Event: 132.855 Thread 0x000001cfe1579110 DEOPT PACKING pc=0x000001cff2648190 sp=0x00000042b82fe140
Event: 132.855 Thread 0x000001cfe1579110 DEOPT UNPACKING pc=0x000001cff2018882 sp=0x00000042b82fe080 mode 2
Event: 132.857 Thread 0x000001cfe1579110 Uncommon trap: trap_request=0xffffff4d fr.pc=0x000001cff266b2ac relative=0x0000000000000a0c
Event: 132.857 Thread 0x000001cfe1579110 Uncommon trap: reason=unstable_if action=reinterpret pc=0x000001cff266b2ac method=java.util.HashMap.putVal(ILjava/lang/Object;Ljava/lang/Object;ZZ)Ljava/lang/Object; @ 181 c2
Event: 132.857 Thread 0x000001cfe1579110 DEOPT PACKING pc=0x000001cff266b2ac sp=0x00000042b82fe060
Event: 132.857 Thread 0x000001cfe1579110 DEOPT UNPACKING pc=0x000001cff2018882 sp=0x00000042b82fdf98 mode 2
Event: 212.654 Thread 0x000001cfc8c796d0 Uncommon trap: trap_request=0xffffff4d fr.pc=0x000001cff2675f38 relative=0x00000000000008f8
Event: 212.654 Thread 0x000001cfc8c796d0 Uncommon trap: reason=unstable_if action=reinterpret pc=0x000001cff2675f38 method=jdk.internal.classfile.impl.EntryMap.put(II)V @ 120 c2
Event: 212.654 Thread 0x000001cfc8c796d0 DEOPT PACKING pc=0x000001cff2675f38 sp=0x00000042b95fcd80
Event: 212.654 Thread 0x000001cfc8c796d0 DEOPT UNPACKING pc=0x000001cff2018882 sp=0x00000042b95fccb8 mode 2
Event: 212.658 Thread 0x000001cfc8c796d0 Uncommon trap: trap_request=0xffffff4d fr.pc=0x000001cff267392c relative=0x000000000000020c
Event: 212.658 Thread 0x000001cfc8c796d0 Uncommon trap: reason=unstable_if action=reinterpret pc=0x000001cff267392c method=jdk.internal.classfile.impl.EntryMap.put(II)V @ 120 c2
Event: 212.658 Thread 0x000001cfc8c796d0 DEOPT PACKING pc=0x000001cff267392c sp=0x00000042b95fce40
Event: 212.658 Thread 0x000001cfc8c796d0 DEOPT UNPACKING pc=0x000001cff2018882 sp=0x00000042b95fcdc0 mode 2

Classes loaded (20 events):
Event: 199.853 Loading class sun/font/FontDesignMetrics$KeyReference
Event: 199.853 Loading class sun/font/FontDesignMetrics$KeyReference done
Event: 212.653 Loading class java/lang/invoke/BoundMethodHandle$Species_LLJ
Event: 212.653 Loading class java/lang/invoke/BoundMethodHandle$Species_LLJ done
Event: 212.654 Loading class jdk/internal/classfile/impl/UnboundAttribute$UnboundExceptionsAttribute
Event: 212.654 Loading class jdk/internal/classfile/impl/UnboundAttribute$UnboundExceptionsAttribute done
Event: 212.658 Loading class java/lang/invoke/BoundMethodHandle$Species_LLJJ
Event: 212.658 Loading class java/lang/invoke/BoundMethodHandle$Species_LLJJ done
Event: 215.630 Loading class javax/swing/plaf/metal/MetalUtils
Event: 215.631 Loading class javax/swing/plaf/metal/MetalUtils done
Event: 215.632 Loading class javax/swing/JToolBar
Event: 216.200 Loading class javax/swing/JToolBar done
Event: 217.686 Loading class java/awt/print/PrinterGraphics
Event: 221.007 Loading class java/awt/print/PrinterGraphics done
Event: 221.007 Loading class java/awt/PrintGraphics
Event: 221.007 Loading class java/awt/PrintGraphics done
Event: 221.008 Loading class sun/java2d/loops/FontInfo
Event: 221.008 Loading class sun/java2d/loops/FontInfo done
Event: 295.790 Loading class kotlinx/coroutines/debug/internal/DebugProbesImpl
Event: 295.790 Loading class kotlinx/coroutines/debug/internal/DebugProbesImpl done

Classes unloaded (0 events):
No events

Classes redefined (1 events):
Event: 0.129 Thread 0x000001cfe1705c40 redefined class name=java.lang.Throwable, count=1

Internal exceptions (20 events):
Event: 0.382 Thread 0x000001cfe1579110 Exception <a 'java/lang/NoSuchMethodError'{0x000000071399b408}: 'void java.lang.invoke.DirectMethodHandle$Holder.invokeStaticInit(java.lang.Object)'> (0x000000071399b408) 
thrown [s\open\src\hotspot\share\interpreter\linkResolver.cpp, line 805]
Event: 0.395 Thread 0x000001cfe1579110 Exception <a 'java/lang/NoSuchMethodError'{0x0000000713417c00}: 'long java.lang.invoke.DirectMethodHandle$Holder.invokeStaticInit(java.lang.Object, long, long, long, long)'> (0x0000000713417c00) 
thrown [s\open\src\hotspot\share\interpreter\linkResolver.cpp, line 805]
Event: 0.396 Thread 0x000001cfe1579110 Exception <a 'java/lang/NoSuchMethodError'{0x0000000713420628}: 'java.lang.Object java.lang.invoke.DirectMethodHandle$Holder.invokeInterface(java.lang.Object, java.lang.Object, long, long)'> (0x0000000713420628) 
thrown [s\open\src\hotspot\share\interpreter\linkResolver.cpp, line 805]
Event: 0.397 Thread 0x000001cfe1579110 Exception <a 'java/lang/NoSuchMethodError'{0x0000000713438f20}: 'void java.lang.invoke.DirectMethodHandle$Holder.invokeStaticInit(java.lang.Object, java.lang.Object, long, java.lang.Object)'> (0x0000000713438f20) 
thrown [s\open\src\hotspot\share\interpreter\linkResolver.cpp, line 805]
Event: 0.397 Thread 0x000001cfe1579110 Exception <a 'java/lang/NoSuchMethodError'{0x0000000713441af0}: 'long java.lang.invoke.DirectMethodHandle$Holder.invokeStatic(java.lang.Object, long, long)'> (0x0000000713441af0) 
thrown [s\open\src\hotspot\share\interpreter\linkResolver.cpp, line 805]
Event: 0.399 Thread 0x000001cfe1579110 Exception <a 'java/lang/NoSuchMethodError'{0x000000071346ec40}: 'java.lang.Object java.lang.invoke.DirectMethodHandle$Holder.newInvokeSpecial(java.lang.Object, int, java.lang.Object)'> (0x000000071346ec40) 
thrown [s\open\src\hotspot\share\interpreter\linkResolver.cpp, line 805]
Event: 0.653 Thread 0x000001cfe1579110 Exception <a 'java/lang/ClassNotFoundException'{0x0000000713528b08}: com/intellij/rt/debugger/BatchEvaluatorServer> (0x0000000713528b08) 
thrown [s\open\src\hotspot\share\classfile\systemDictionary.cpp, line 327]
Event: 0.657 Thread 0x000001cfe1579110 Exception <a 'java/lang/NoSuchMethodError'{0x0000000713544650}: 'java.lang.Object java.lang.invoke.DelegatingMethodHandle$Holder.reinvoke_L(java.lang.Object, java.lang.Object, java.lang.Object, int, int, int, int, java.lang.Object, java.lang.Object, java.lang.Object)'> (0x0000000713544650) 
thrown [s\open\src\hotspot\share\interpreter\linkResolver.cpp, line 805]
Event: 0.660 Thread 0x000001cfe1579110 Exception <a 'java/lang/NoSuchMethodError'{0x0000000713578ea0}: 'java.lang.Object java.lang.invoke.DelegatingMethodHandle$Holder.reinvoke_L(java.lang.Object, java.lang.Object, java.lang.Object, float, float, java.lang.Object, int, java.lang.Object, java.lang.Object, java.lang.Object)'> (0x0000000713578ea0) 
thrown [s\open\src\hotspot\share\interpreter\linkResolver.cpp, line 805]
Event: 0.662 Thread 0x000001cfe1579110 Exception <a 'java/lang/NoSuchMethodError'{0x00000007135b2a90}: 'java.lang.Object java.lang.invoke.DelegatingMethodHandle$Holder.reinvoke_L(java.lang.Object, java.lang.Object, java.lang.Object, java.lang.Object, java.lang.Object, java.lang.Object, java.lang.Object, java.lang.Object, java.lang.Object, java.lang.Object, java.lang.Object, java.lang.Object, java.lang.Object, java.lang.Object, java.lang.Object)'> (0x00000007135b2a90) 
thrown [s\open\src\hotspot\share\interpreter\linkResolver.cpp, line 805]
Event: 0.663 Thread 0x000001cfe1579110 Exception <a 'java/lang/NoSuchMethodError'{0x00000007135c4b48}: 'java.lang.Object java.lang.invoke.Invokers$Holder.linkToTargetMethod(java.lang.Object, java.lang.Object, java.lang.Object, java.lang.Object, java.lang.Object, java.lang.Object, java.lang.Object, java.lang.Object, java.lang.Object, java.lang.Object, java.lang.Object, java.lang.Object, java.lang.Object, java.lang.Object)'> (0x00000007135c4b48) 
thrown [s\open\src\hotspot\share\interpreter\linkResolver.cpp, line 805]
Event: 89.651 Thread 0x000001cfe1579110 Exception <a 'java/lang/NoSuchMethodError'{0x000000071321c970}: 'java.lang.Object java.lang.invoke.DelegatingMethodHandle$Holder.reinvoke_L(java.lang.Object, java.lang.Object, java.lang.Object, int, int, int, int)'> (0x000000071321c970) 
thrown [s\open\src\hotspot\share\interpreter\linkResolver.cpp, line 805]
Event: 89.709 Thread 0x000001cfe1579110 Exception <a 'java/lang/NoSuchMethodError'{0x000000071324f308}: 'java.lang.Object java.lang.invoke.DelegatingMethodHandle$Holder.reinvoke_L(java.lang.Object, java.lang.Object, java.lang.Object, int, int, int)'> (0x000000071324f308) 
thrown [s\open\src\hotspot\share\interpreter\linkResolver.cpp, line 805]
Event: 89.723 Thread 0x000001cfe1579110 Exception <a 'java/lang/NoSuchMethodError'{0x0000000713282a18}: 'java.lang.Object java.lang.invoke.DelegatingMethodHandle$Holder.reinvoke_L(java.lang.Object, java.lang.Object, java.lang.Object, java.lang.Object, java.lang.Object, java.lang.Object, int)'> (0x0000000713282a18) 
thrown [s\open\src\hotspot\share\interpreter\linkResolver.cpp, line 805]
Event: 132.872 Thread 0x000001cfe1579110 Exception <a 'java/lang/NoSuchMethodError'{0x0000000713306478}: 'java.lang.Object java.lang.invoke.DirectMethodHandle$Holder.invokeSpecial(java.lang.Object, java.lang.Object, java.lang.Object, java.lang.Object, java.lang.Object, int)'> (0x0000000713306478) 
thrown [s\open\src\hotspot\share\interpreter\linkResolver.cpp, line 805]
Event: 132.874 Thread 0x000001cfe1579110 Exception <a 'java/lang/NoSuchMethodError'{0x00000007133168f8}: 'java.lang.Object java.lang.invoke.Invokers$Holder.linkToTargetMethod(java.lang.Object, java.lang.Object, int, java.lang.Object)'> (0x00000007133168f8) 
thrown [s\open\src\hotspot\share\interpreter\linkResolver.cpp, line 805]
Event: 207.042 Thread 0x000001cfc8c796d0 Exception <a 'java/lang/NoSuchMethodError'{0x00000007133f2c68}: 'void java.lang.invoke.DelegatingMethodHandle$Holder.reinvoke_L(java.lang.Object, java.lang.Object, java.lang.Object, java.lang.Object, long, long, float)'> (0x00000007133f2c68) 
thrown [s\open\src\hotspot\share\interpreter\linkResolver.cpp, line 805]
Event: 212.656 Thread 0x000001cfc8c796d0 Exception <a 'java/lang/NoSuchMethodError'{0x0000000713021978}: 'java.lang.Object java.lang.invoke.DirectMethodHandle$Holder.invokeStatic(java.lang.Object, java.lang.Object, java.lang.Object, java.lang.Object, java.lang.Object, long)'> (0x0000000713021978) 
thrown [s\open\src\hotspot\share\interpreter\linkResolver.cpp, line 805]
Event: 212.663 Thread 0x000001cfc8c796d0 Exception <a 'java/lang/NoSuchMethodError'{0x0000000713065d70}: 'float java.lang.invoke.DelegatingMethodHandle$Holder.reinvoke_L(java.lang.Object, java.lang.Object, java.lang.Object, java.lang.Object, long, long)'> (0x0000000713065d70) 
thrown [s\open\src\hotspot\share\interpreter\linkResolver.cpp, line 805]
Event: 295.790 Thread 0x000001cfe1579110 Exception <a 'java/lang/ClassNotFoundException'{0x00000007133520e0}: kotlinx/coroutines/debug/internal/DebugProbesImpl> (0x00000007133520e0) 
thrown [s\open\src\hotspot\share\classfile\systemDictionary.cpp, line 327]

VM Operations (20 events):
Event: 243.535 Executing VM operation: get/set locals
Event: 243.535 Executing VM operation: get/set locals done
Event: 243.535 Executing VM operation: get/set locals
Event: 243.535 Executing VM operation: get/set locals done
Event: 243.536 Executing VM operation: get/set locals
Event: 243.536 Executing VM operation: get/set locals done
Event: 244.010 Executing VM operation: ChangeSingleStep
Event: 244.010 Executing VM operation: ChangeSingleStep done
Event: 244.012 Executing VM operation: ChangeSingleStep
Event: 244.012 Executing VM operation: ChangeSingleStep done
Event: 244.012 Executing VM operation: ChangeSingleStep
Event: 244.012 Executing VM operation: ChangeSingleStep done
Event: 244.013 Executing VM operation: ChangeSingleStep
Event: 244.013 Executing VM operation: ChangeSingleStep done
Event: 244.021 Executing VM operation: get/set locals
Event: 244.021 Executing VM operation: get/set locals done
Event: 244.077 Executing VM operation: get/set locals
Event: 244.077 Executing VM operation: get/set locals done
Event: 244.077 Executing VM operation: get/set locals
Event: 244.077 Executing VM operation: get/set locals done

Memory protections (0 events):
No events

Nmethod flushes (0 events):
No events

Events (20 events):
Event: 0.049 Thread 0x000001cfe1579110 Thread added: 0x000001cfe172a260
Event: 0.049 Thread 0x000001cfe1579110 Thread added: 0x000001cfe1726950
Event: 0.049 Thread 0x000001cfe1579110 Thread added: 0x000001cfe17270e0
Event: 0.077 Thread 0x000001cfe17270e0 Thread added: 0x000001cf82cdc9c0
Event: 0.077 Thread 0x000001cfe17270e0 Thread added: 0x000001cf82ce9500
Event: 0.078 Thread 0x000001cf82ce9500 Thread added: 0x000001cf82d16090
Event: 0.083 Thread 0x000001cf82cdc9c0 Thread added: 0x000001cf82d93cf0
Event: 0.090 Thread 0x000001cfe1579110 Thread added: 0x000001cfc803cf00
Event: 0.090 Thread 0x000001cfe1579110 Thread added: 0x000001cfc803da50
Event: 0.091 Thread 0x000001cfc803cf00 Thread added: 0x000001cfc80375c0
Event: 0.133 Thread 0x000001cfe1579110 Thread added: 0x000001cfe1729b10
Event: 0.138 Thread 0x000001cfe1579110 Thread added: 0x000001cfe1728c70
Event: 0.260 Thread 0x000001cfe1579110 Thread added: 0x000001cfe17293c0
Event: 0.261 Thread 0x000001cfe1579110 Thread added: 0x000001cfe172b100
Event: 0.261 Thread 0x000001cfe1579110 Thread added: 0x000001cfe1727dd0
Event: 0.294 Thread 0x000001cf82d93cf0 Thread exited: 0x000001cf82d93cf0
Event: 0.369 Thread 0x000001cfe1727dd0 Thread added: 0x000001cfc8c796d0
Event: 5.697 Thread 0x000001cf82d16090 Thread exited: 0x000001cf82d16090
Event: 5.697 Thread 0x000001cf82ce9500 Thread exited: 0x000001cf82ce9500
Event: 6.256 Thread 0x000001cf82cdc9c0 Thread exited: 0x000001cf82cdc9c0


Dynamic libraries:
0x00007ff7e5c20000 - 0x00007ff7e5c2e000 	C:\Users\niksv\.jdks\openjdk-24.0.1\bin\java.exe
0x00007ff848b40000 - 0x00007ff848da8000 	C:\WINDOWS\SYSTEM32\ntdll.dll
0x00007ff8479b0000 - 0x00007ff847a79000 	C:\WINDOWS\System32\KERNEL32.DLL
0x00007ff845de0000 - 0x00007ff8461cd000 	C:\WINDOWS\System32\KERNELBASE.dll
0x00007ff846760000 - 0x00007ff8468ab000 	C:\WINDOWS\System32\ucrtbase.dll
0x00007ff83d710000 - 0x00007ff83d726000 	C:\Users\niksv\.jdks\openjdk-24.0.1\bin\jli.dll
0x00007ff83d6a0000 - 0x00007ff83d6bb000 	C:\Users\niksv\.jdks\openjdk-24.0.1\bin\VCRUNTIME140.dll
0x00007ff847a80000 - 0x00007ff847c4c000 	C:\WINDOWS\System32\USER32.dll
0x00007ff846600000 - 0x00007ff846627000 	C:\WINDOWS\System32\win32u.dll
0x00007ff824b00000 - 0x00007ff824d9a000 	C:\WINDOWS\WinSxS\amd64_microsoft.windows.common-controls_6595b64144ccf1df_6.0.26100.4484_none_3e0e6d4ce32ef3b3\COMCTL32.dll
0x00007ff847d70000 - 0x00007ff847d9b000 	C:\WINDOWS\System32\GDI32.dll
0x00007ff848080000 - 0x00007ff848129000 	C:\WINDOWS\System32\msvcrt.dll
0x00007ff8461d0000 - 0x00007ff846307000 	C:\WINDOWS\System32\gdi32full.dll
0x00007ff846490000 - 0x00007ff846533000 	C:\WINDOWS\System32\msvcp_win.dll
0x00007ff848040000 - 0x00007ff84806f000 	C:\WINDOWS\System32\IMM32.DLL
0x00007ff83d7a0000 - 0x00007ff83d7ac000 	C:\Users\niksv\.jdks\openjdk-24.0.1\bin\vcruntime140_1.dll
0x00007ff82f780000 - 0x00007ff82f80e000 	C:\Users\niksv\.jdks\openjdk-24.0.1\bin\msvcp140.dll
0x00007fffc8110000 - 0x00007fffc8eb2000 	C:\Users\niksv\.jdks\openjdk-24.0.1\bin\server\jvm.dll
0x00007ff8481d0000 - 0x00007ff848284000 	C:\WINDOWS\System32\ADVAPI32.dll
0x00007ff847df0000 - 0x00007ff847e96000 	C:\WINDOWS\System32\sechost.dll
0x00007ff847c50000 - 0x00007ff847d68000 	C:\WINDOWS\System32\RPCRT4.dll
0x00007ff848a50000 - 0x00007ff848ac4000 	C:\WINDOWS\System32\WS2_32.dll
0x00007ff83da20000 - 0x00007ff83da55000 	C:\WINDOWS\SYSTEM32\WINMM.dll
0x00007ff8332c0000 - 0x00007ff8332cb000 	C:\WINDOWS\SYSTEM32\VERSION.dll
0x00007ff845ab0000 - 0x00007ff845b0e000 	C:\WINDOWS\SYSTEM32\POWRPROF.dll
0x00007ff845a90000 - 0x00007ff845aa4000 	C:\WINDOWS\SYSTEM32\UMPDC.dll
0x00007ff8449c0000 - 0x00007ff8449db000 	C:\WINDOWS\SYSTEM32\kernel.appcore.dll
0x00007ff835750000 - 0x00007ff83575a000 	C:\Users\niksv\.jdks\openjdk-24.0.1\bin\jimage.dll
0x00007ff842eb0000 - 0x00007ff8430f1000 	C:\WINDOWS\SYSTEM32\DBGHELP.DLL
0x00007ff8472e0000 - 0x00007ff847666000 	C:\WINDOWS\System32\combase.dll
0x00007ff847170000 - 0x00007ff847250000 	C:\WINDOWS\System32\OLEAUT32.dll
0x00007ff809db0000 - 0x00007ff809df3000 	C:\WINDOWS\SYSTEM32\dbgcore.DLL
0x00007ff8466c0000 - 0x00007ff846759000 	C:\WINDOWS\System32\bcryptPrimitives.dll
0x00007ff8328a0000 - 0x00007ff8328dc000 	C:\Users\niksv\.jdks\openjdk-24.0.1\bin\jdwp.dll
0x00007fffc5d00000 - 0x00007fffc5f0e000 	C:\Users\niksv\AppData\Local\Temp\idea_libasyncProfiler_dll_temp_folder6077\libasyncProfiler.dll
0x00007ff832870000 - 0x00007ff83287f000 	C:\Users\niksv\.jdks\openjdk-24.0.1\bin\instrument.dll
0x00007ff8346a0000 - 0x00007ff8346be000 	C:\Users\niksv\.jdks\openjdk-24.0.1\bin\java.dll
0x00007ff8468b0000 - 0x00007ff846a4e000 	C:\WINDOWS\System32\ole32.dll
0x00007ff848300000 - 0x00007ff848a4a000 	C:\WINDOWS\System32\SHELL32.dll
0x00007ff845c60000 - 0x00007ff845dd4000 	C:\WINDOWS\System32\wintypes.dll
0x00007ff833610000 - 0x00007ff833627000 	C:\Users\niksv\.jdks\openjdk-24.0.1\bin\zip.dll
0x00007ff843860000 - 0x00007ff8440bb000 	C:\WINDOWS\SYSTEM32\windows.storage.dll
0x00007ff8478b0000 - 0x00007ff8479a5000 	C:\WINDOWS\System32\SHCORE.dll
0x00007ff848290000 - 0x00007ff8482fa000 	C:\WINDOWS\System32\shlwapi.dll
0x00007ff845b70000 - 0x00007ff845b9f000 	C:\WINDOWS\SYSTEM32\profapi.dll
0x00007ff828c20000 - 0x00007ff828cf7000 	C:\Users\niksv\.jdks\openjdk-24.0.1\bin\jsvml.dll
0x00007ff832860000 - 0x00007ff83286c000 	C:\Users\niksv\.jdks\openjdk-24.0.1\bin\dt_socket.dll
0x00007ff844480000 - 0x00007ff8444b3000 	C:\WINDOWS\SYSTEM32\IPHLPAPI.DLL
0x00007ff844f30000 - 0x00007ff844f9a000 	C:\WINDOWS\system32\mswsock.dll
0x00007ff8346d0000 - 0x00007ff8346e0000 	C:\Users\niksv\.jdks\openjdk-24.0.1\bin\net.dll
0x00007ff833660000 - 0x00007ff833676000 	C:\Users\niksv\.jdks\openjdk-24.0.1\bin\nio.dll
0x00007fffd7af0000 - 0x00007fffd7c6e000 	C:\Users\niksv\.jdks\openjdk-24.0.1\bin\awt.dll
0x00007ff842730000 - 0x00007ff8427ce000 	C:\WINDOWS\SYSTEM32\apphelp.dll
0x00007ff842930000 - 0x00007ff8429df000 	C:\WINDOWS\system32\uxtheme.dll
0x00007ff847670000 - 0x00007ff8477d0000 	C:\WINDOWS\System32\MSCTF.dll
0x00007ff842d80000 - 0x00007ff842db6000 	C:\WINDOWS\system32\DWMAPI.DLL
0x00007fff91640000 - 0x00007fff91758000 	C:\WINDOWS\system32\opengl32.dll
0x00007ff82b780000 - 0x00007ff82b7ad000 	C:\WINDOWS\SYSTEM32\GLU32.dll
0x00007ff842b60000 - 0x00007ff842bad000 	C:\WINDOWS\SYSTEM32\dxcore.dll
0x00007ff8113a0000 - 0x00007ff811427000 	C:\Users\niksv\.jdks\openjdk-24.0.1\bin\freetype.dll
0x00007fffd7d20000 - 0x00007fffd7df7000 	C:\Users\niksv\.jdks\openjdk-24.0.1\bin\fontmanager.dll
0x00007ff832640000 - 0x00007ff832790000 	C:\WINDOWS\SYSTEM32\textinputframework.dll

JVMTI agents:
jdwp path:C:\Users\niksv\.jdks\openjdk-24.0.1\bin\jdwp.dll, loaded, initialized, options:transport=dt_socket,address=127.0.0.1:59596,suspend=y,server=n
C:\Users\niksv\AppData\Local\Temp\idea_libasyncProfiler_dll_temp_folder6077\libasyncProfiler.dll path:C:\Users\niksv\AppData\Local\Temp\idea_libasyncProfiler_dll_temp_folder6077\libasyncProfiler.dll, loaded, initialized, options:version,jfr,event=wall,interval=10ms,cstack=no,file=C:\Users\niksv\IdeaSnapshots\Run_2025_08_02_111825.jfr,dbghelppath=C:\Users\niksv\AppData\Local\Temp\idea_dbghelp_dll_temp_folder10\dbghelp.dll,log=C:\Users\niksv\AppData\Local\Temp\Run_2025_08_02_111825.jfr.log.txt,logLevel=DEBUG
C:\Users\niksv\AppData\Local\JetBrains\IntelliJIdea2024.3\captureAgent\debugger-agent.jar path:C:\Users\niksv\.jdks\openjdk-24.0.1\bin\instrument.dll, loaded, initialized, instrumentlib options:none

dbghelp: loaded successfully - version: 4.0.5 - missing functions: none
symbol engine: initialized successfully - sym options: 0x614 - pdb path: .;C:\Users\niksv\.jdks\openjdk-24.0.1\bin;C:\WINDOWS\SYSTEM32;C:\WINDOWS\WinSxS\amd64_microsoft.windows.common-controls_6595b64144ccf1df_6.0.26100.4484_none_3e0e6d4ce32ef3b3;C:\Users\niksv\.jdks\openjdk-24.0.1\bin\server;C:\Users\niksv\AppData\Local\Temp\idea_libasyncProfiler_dll_temp_folder6077

VM Arguments:
jvm_args: -agentlib:jdwp=transport=dt_socket,address=127.0.0.1:59596,suspend=y,server=n --enable-preview -agentpath:C:\Users\niksv\AppData\Local\Temp\idea_libasyncProfiler_dll_temp_folder6077\libasyncProfiler.dll=version,jfr,event=wall,interval=10ms,cstack=no,file=C:\Users\niksv\IdeaSnapshots\Run_2025_08_02_111825.jfr,dbghelppath=C:\Users\niksv\AppData\Local\Temp\idea_dbghelp_dll_temp_folder10\dbghelp.dll,log=C:\Users\niksv\AppData\Local\Temp\Run_2025_08_02_111825.jfr.log.txt,logLevel=DEBUG -javaagent:C:\Users\niksv\AppData\Local\JetBrains\IntelliJIdea2024.3\captureAgent\debugger-agent.jar -Dkotlinx.coroutines.debug.enable.creation.stack.trace=false -Ddebugger.agent.enable.coroutines=true -Dkotlinx.coroutines.debug.enable.flows.stack.trace=true -Dkotlinx.coroutines.debug.enable.mutable.state.flows.stack.trace=true -Dfile.encoding=UTF-8 -Dsun.stdout.encoding=UTF-8 -Dsun.stderr.encoding=UTF-8 
java_command: main.Main
java_class_path (initial): C:\Users\niksv\Java-Projects\BWM-Software\out\production\BWM-Software;C:\Users\niksv\Java-Projects\BWM-Software\lib\excel-reads-apache-poi_2.13-0.5.1.jar;C:\Users\niksv\Java-Projects\BWM-Software\lib\scala-library-2.13.8.jar;C:\Users\niksv\Java-Projects\BWM-Software\lib\excel-reads-core_2.13-0.5.1.jar;C:\Users\niksv\Java-Projects\BWM-Software\lib\shapeless_2.13-2.3.7.jar;C:\Users\niksv\Java-Projects\BWM-Software\lib\eff_2.13-5.22.0.jar;C:\Users\niksv\Java-Projects\BWM-Software\lib\cats-core_2.13-2.6.1.jar;C:\Users\niksv\Java-Projects\BWM-Software\lib\cats-kernel_2.13-2.6.1.jar;C:\Users\niksv\Java-Projects\BWM-Software\lib\simulacrum-scalafix-annotations_2.13-0.5.4.jar;C:\Users\niksv\Java-Projects\BWM-Software\lib\poi-5.2.0.jar;C:\Users\niksv\Java-Projects\BWM-Software\lib\commons-codec-1.15.jar;C:\Users\niksv\Java-Projects\BWM-Software\lib\commons-collections4-4.4.jar;C:\Users\niksv\Java-Projects\BWM-Software\lib\commons-math3-3.6.1.jar;C:\Users\niksv\Java-Projects\BWM-Software\lib\commons-io-2.11.0.jar;C:\Users\niksv\Java-Projects\BWM-Software\lib\SparseBitSet-1.2.jar;C:\Users\niksv\Java-Projects\BWM-Software\lib\log4j-api-2.17.1.jar;C:\Users\niksv\Java-Projects\BWM-Software\lib\poi-ooxml-5.2.0.jar;C:\Users\niksv\Java-Projects\BWM-Software\lib\poi-ooxml-lite-5.2.0.jar;C:\Users\niksv\Java-Projects\BWM-Software\lib\xmlbeans-5.0.3.jar;C:\Users\niksv\Java-Projects\BWM-Software\lib\xml-apis-1.4.01.jar;C:\Users\niksv\Java-Projects\BWM-Software\lib\commons-compress-1.21.jar;C:\Users\niksv\Java-Projects\BWM-Software\lib\curvesapi-1.06.jar;C:\Program Files\JetBrains\IntelliJ IDEA 2024.3\lib\idea_rt.jar
Launcher Type: SUN_STANDARD

[Global flags]
     intx CICompilerCount                          = 12                                        {product} {ergonomic}
     uint ConcGCThreads                            = 4                                         {product} {ergonomic}
     uint G1ConcRefinementThreads                  = 15                                        {product} {ergonomic}
   size_t G1HeapRegionSize                         = 2097152                                   {product} {ergonomic}
   size_t InitialHeapSize                          = 264241152                                 {product} {ergonomic}
   size_t MarkStackSize                            = 4194304                                   {product} {ergonomic}
   size_t MarkStackSizeMax                         = 536870912                                 {product} {ergonomic}
   size_t MaxHeapSize                              = 4213178368                                {product} {ergonomic}
   size_t MaxNewSize                               = 2527068160                                {product} {ergonomic}
   size_t MinHeapDeltaBytes                        = 2097152                                   {product} {ergonomic}
   size_t MinHeapSize                              = 8388608                                   {product} {ergonomic}
    uintx NonNMethodCodeHeapSize                   = 7602176                                {pd product} {ergonomic}
    uintx NonProfiledCodeHeapSize                  = 122093568                              {pd product} {ergonomic}
    uintx ProfiledCodeHeapSize                     = 121962496                              {pd product} {ergonomic}
    uintx ReservedCodeCacheSize                    = 251658240                              {pd product} {ergonomic}
     bool SegmentedCodeCache                       = true                                      {product} {ergonomic}
   size_t SoftMaxHeapSize                          = 4213178368                             {manageable} {ergonomic}
     bool UseCompressedOops                        = true                           {product lp64_product} {ergonomic}
     bool UseG1GC                                  = true                                      {product} {ergonomic}
     bool UseLargePagesIndividualAllocation        = false                                  {pd product} {ergonomic}

Logging:
Log output configuration:
 #0: stdout all=warning uptime,level,tags foldmultilines=false
 #1: stderr all=off uptime,level,tags foldmultilines=false

Environment Variables:
PATH=C:\Program Files\Common Files\Oracle\Java\javapath;C:\Program Files (x86)\Common Files\Oracle\Java\java8path;C:\Program Files (x86)\Common Files\Oracle\Java\javapath;C:\Windows\system32;C:\Windows;C:\Windows\System32\Wbem;C:\Windows\System32\WindowsPowerShell\v1.0\;C:\Windows\System32\OpenSSH\;C:\Program Files\dotnet\;C:\Program Files (x86)\NVIDIA Corporation\PhysX\Common;C:\WINDOWS\system32;C:\WINDOWS;C:\WINDOWS\System32\Wbem;C:\WINDOWS\System32\WindowsPowerShell\v1.0\;C:\WINDOWS\System32\OpenSSH\;C:\Program Files\Git\cmd;C:\Program Files\NVIDIA Corporation\NVIDIA App\NvDLISR;C:\Users\niksv\AppData\Local\Programs\Python\Launcher\;C:\Users\niksv\AppData\Local\Microsoft\WindowsApps;C:\Users\niksv\AppData\Local\JetBrains\Toolbox\scripts;C:\Users\niksv\AppData\Local\Programs\Microsoft VS Code\bin;%USERPROFILE%\AppData\Local\Microsoft\WindowsApps;C:\Users\niksv\AppData\Local\GitHubDesktop\bin
USERNAME=niksv
OS=Windows_NT
PROCESSOR_IDENTIFIER=Intel64 Family 6 Model 154 Stepping 3, GenuineIntel
TMP=C:\Users\niksv\AppData\Local\Temp
TEMP=C:\Users\niksv\AppData\Local\Temp




Periodic native trim disabled

---------------  S Y S T E M  ---------------

OS:
 Windows 11 , 64 bit Build 26100 (10.0.26100.4484)
OS uptime: 18 days 18:45 hours
Hyper-V role detected

CPU: total 20 (initial active 20) (10 cores per cpu, 2 threads per core) family 6 model 154 stepping 3 microcode 0x437, cx8, cmov, fxsr, ht, mmx, 3dnowpref, sse, sse2, sse3, ssse3, sse4.1, sse4.2, popcnt, lzcnt, tsc, tscinvbit, avx, avx2, aes, erms, clmul, bmi1, bmi2, adx, sha, fma, vzeroupper, clflush, clflushopt, clwb, hv, serialize, rdtscp, rdpid, fsrm, gfni, f16c, cet_ibt, cet_ss
Processor Information for processor 0
  Max Mhz: 2300, Current Mhz: 2300, Mhz Limit: 2300
Processor Information for processor 1
  Max Mhz: 2300, Current Mhz: 2300, Mhz Limit: 2300
Processor Information for processor 2
  Max Mhz: 2300, Current Mhz: 2300, Mhz Limit: 2300
Processor Information for processor 3
  Max Mhz: 2300, Current Mhz: 2300, Mhz Limit: 2300
Processor Information for processor 4
  Max Mhz: 2300, Current Mhz: 2300, Mhz Limit: 2300
Processor Information for processor 5
  Max Mhz: 2300, Current Mhz: 2300, Mhz Limit: 2300
Processor Information for processor 6
  Max Mhz: 2300, Current Mhz: 2300, Mhz Limit: 2300
Processor Information for processor 7
  Max Mhz: 2300, Current Mhz: 2300, Mhz Limit: 2300
Processor Information for processor 8
  Max Mhz: 2300, Current Mhz: 2300, Mhz Limit: 2300
Processor Information for processor 9
  Max Mhz: 2300, Current Mhz: 2300, Mhz Limit: 2300
Processor Information for processor 10
  Max Mhz: 2300, Current Mhz: 2300, Mhz Limit: 2300
Processor Information for processor 11
  Max Mhz: 2300, Current Mhz: 2300, Mhz Limit: 2300
Processor Information for processor 12
  Max Mhz: 2300, Current Mhz: 2300, Mhz Limit: 2300
Processor Information for processor 13
  Max Mhz: 2300, Current Mhz: 1488, Mhz Limit: 2300
Processor Information for processor 14
  Max Mhz: 2300, Current Mhz: 2300, Mhz Limit: 2300
Processor Information for processor 15
  Max Mhz: 2300, Current Mhz: 2300, Mhz Limit: 2300
Processor Information for processor 16
  Max Mhz: 2300, Current Mhz: 1488, Mhz Limit: 2300
Processor Information for processor 17
  Max Mhz: 2300, Current Mhz: 1488, Mhz Limit: 2300
Processor Information for processor 18
  Max Mhz: 2300, Current Mhz: 2300, Mhz Limit: 2300
Processor Information for processor 19
  Max Mhz: 2300, Current Mhz: 2300, Mhz Limit: 2300

Memory: 4k page, system-wide physical 16068M (2315M free)
TotalPageFile size 28356M (AvailPageFile size 7577M)
current process WorkingSet (physical memory assigned to process): 109M, peak: 109M
current process commit charge ("private bytes"): 398M, peak: 399M

vm_info: OpenJDK 64-Bit Server VM (24.0.1+9-30) for windows-amd64 JRE (24.0.1+9-30), built on 2025-03-05T07:23:45Z with MS VC++ 17.6 (VS2022)

END.
